I'm sorry, but errors were detected in your script. Please correct the
errors listed below, and try again.


File "game/script.rpy", line 987: Line is indented, but the preceding play sound statement statement does not expect a block. Please check this line's indentation.
    pause 3
    ^

Ren'Py Version: Ren'Py 8.0.3.22090809
Mon Dec 26 22:59:17 2022
